// Jest Snapshot v1, https://goo.gl/fbAQLP

exports[`HanziWriterRenderer handles empty user strokes 1`] = `
Array [
  Object {
    "props": Object {
      "height": 100,
      "width": 100,
      "x": 0,
      "y": 0,
    },
    "transform": Array [
      1,
      0,
      0,
      1,
      0,
      0,
    ],
    "type": "clearRect",
  },
  Object {
    "props": Object {},
    "transform": Array [
      1,
      0,
      0,
      1,
      0,
      0,
    ],
    "type": "save",
  },
  Object {
    "props": Object {
      "x": 10,
      "y": 10,
    },
    "transform": Array [
      1,
      0,
      0,
      1,
      10,
      10,
    ],
    "type": "translate",
  },
  Object {
    "props": Object {
      "x": 0.078125,
      "y": 0.078125,
    },
    "transform": Array [
      0.078125,
      0,
      0,
      0.078125,
      10,
      10,
    ],
    "type": "scale",
  },
  Object {
    "props": Object {},
    "transform": Array [
      0.078125,
      0,
      0,
      0.078125,
      10,
      10,
    ],
    "type": "save",
  },
  Object {
    "props": Object {
      "fillRule": "nonzero",
      "path": Array [],
    },
    "transform": Array [
      0.078125,
      0,
      0,
      0.078125,
      10,
      10,
    ],
    "type": "clip",
  },
  Object {
    "props": Object {
      "value": 0.7,
    },
    "transform": Array [
      0.078125,
      0,
      0,
      0.078125,
      10,
      10,
    ],
    "type": "globalAlpha",
  },
  Object {
    "props": Object {
      "value": "rgba(255, 150, 100, 0.7)",
    },
    "transform": Array [
      0.078125,
      0,
      0,
      0.078125,
      10,
      10,
    ],
    "type": "strokeStyle",
  },
  Object {
    "props": Object {
      "value": "rgba(255, 150, 100, 0.7)",
    },
    "transform": Array [
      0.078125,
      0,
      0,
      0.078125,
      10,
      10,
    ],
    "type": "fillStyle",
  },
  Object {
    "props": Object {
      "value": 200,
    },
    "transform": Array [
      0.078125,
      0,
      0,
      0.078125,
      10,
      10,
    ],
    "type": "lineWidth",
  },
  Object {
    "props": Object {
      "value": "round",
    },
    "transform": Array [
      0.078125,
      0,
      0,
      0.078125,
      10,
      10,
    ],
    "type": "lineCap",
  },
  Object {
    "props": Object {
      "value": "round",
    },
    "transform": Array [
      0.078125,
      0,
      0,
      0.078125,
      10,
      10,
    ],
    "type": "lineJoin",
  },
  Object {
    "props": Object {
      "value": Array [
        918.3825419953906,
        918.3825419953906,
      ],
    },
    "transform": Array [
      0.078125,
      0,
      0,
      0.078125,
      10,
      10,
    ],
    "type": "setLineDash",
  },
  Object {
    "props": Object {
      "value": 0,
    },
    "transform": Array [
      0.078125,
      0,
      0,
      0.078125,
      10,
      10,
    ],
    "type": "lineDashOffset",
  },
  Object {
    "props": Object {},
    "transform": Array [
      0.078125,
      0,
      0,
      0.078125,
      10,
      10,
    ],
    "type": "beginPath",
  },
  Object {
    "props": Object {
      "x": 423.7609549522482,
      "y": 83.43489873505753,
    },
    "transform": Array [
      0.078125,
      0,
      0,
      0.078125,
      10,
      10,
    ],
    "type": "moveTo",
  },
  Object {
    "props": Object {
      "x": 508,
      "y": 198,
    },
    "transform": Array [
      0.078125,
      0,
      0,
      0.078125,
      10,
      10,
    ],
    "type": "lineTo",
  },
  Object {
    "props": Object {
      "x": 511,
      "y": 222,
    },
    "transform": Array [
      0.078125,
      0,
      0,
      0.078125,
      10,
      10,
    ],
    "type": "lineTo",
  },
  Object {
    "props": Object {
      "x": 473,
      "y": 348,
    },
    "transform": Array [
      0.078125,
      0,
      0,
      0.078125,
      10,
      10,
    ],
    "type": "lineTo",
  },
  Object {
    "props": Object {
      "x": 408,
      "y": 484,
    },
    "transform": Array [
      0.078125,
      0,
      0,
      0.078125,
      10,
      10,
    ],
    "type": "lineTo",
  },
  Object {
    "props": Object {
      "x": 328,
      "y": 597,
    },
    "transform": Array [
      0.078125,
      0,
      0,
      0.078125,
      10,
      10,
    ],
    "type": "lineTo",
  },
  Object {
    "props": Object {
      "x": 271,
      "y": 656,
    },
    "transform": Array [
      0.078125,
      0,
      0,
      0.078125,
      10,
      10,
    ],
    "type": "lineTo",
  },
  Object {
    "props": Object {
      "x": 144,
      "y": 761,
    },
    "transform": Array [
      0.078125,
      0,
      0,
      0.078125,
      10,
      10,
    ],
    "type": "lineTo",
  },
  Object {
    "props": Object {
      "x": 72,
      "y": 805,
    },
    "transform": Array [
      0.078125,
      0,
      0,
      0.078125,
      10,
      10,
    ],
    "type": "lineTo",
  },
  Object {
    "props": Object {
      "path": Array [
        Object {
          "props": Object {},
          "transform": Array [
            0.078125,
            0,
            0,
            0.078125,
            10,
            10,
          ],
          "type": "beginPath",
        },
        Object {
          "props": Object {
            "x": 423.7609549522482,
            "y": 83.43489873505753,
          },
          "transform": Array [
            0.078125,
            0,
            0,
            0.078125,
            10,
            10,
          ],
          "type": "moveTo",
        },
        Object {
          "props": Object {
            "x": 508,
            "y": 198,
          },
          "transform": Array [
            0.078125,
            0,
            0,
            0.078125,
            10,
            10,
          ],
          "type": "lineTo",
        },
        Object {
          "props": Object {
            "x": 511,
            "y": 222,
          },
          "transform": Array [
            0.078125,
            0,
            0,
            0.078125,
            10,
            10,
          ],
          "type": "lineTo",
        },
        Object {
          "props": Object {
            "x": 473,
            "y": 348,
          },
          "transform": Array [
            0.078125,
            0,
            0,
            0.078125,
            10,
            10,
          ],
          "type": "lineTo",
        },
        Object {
          "props": Object {
            "x": 408,
            "y": 484,
          },
          "transform": Array [
            0.078125,
            0,
            0,
            0.078125,
            10,
            10,
          ],
          "type": "lineTo",
        },
        Object {
          "props": Object {
            "x": 328,
            "y": 597,
          },
          "transform": Array [
            0.078125,
            0,
            0,
            0.078125,
            10,
            10,
          ],
          "type": "lineTo",
        },
        Object {
          "props": Object {
            "x": 271,
            "y": 656,
          },
          "transform": Array [
            0.078125,
            0,
            0,
            0.078125,
            10,
            10,
          ],
          "type": "lineTo",
        },
        Object {
          "props": Object {
            "x": 144,
            "y": 761,
          },
          "transform": Array [
            0.078125,
            0,
            0,
            0.078125,
            10,
            10,
          ],
          "type": "lineTo",
        },
        Object {
          "props": Object {
            "x": 72,
            "y": 805,
          },
          "transform": Array [
            0.078125,
            0,
            0,
            0.078125,
            10,
            10,
          ],
          "type": "lineTo",
        },
      ],
    },
    "transform": Array [
      0.078125,
      0,
      0,
      0.078125,
      10,
      10,
    ],
    "type": "stroke",
  },
  Object {
    "props": Object {},
    "transform": Array [
      0.078125,
      0,
      0,
      0.078125,
      10,
      10,
    ],
    "type": "restore",
  },
  Object {
    "props": Object {},
    "transform": Array [
      0.078125,
      0,
      0,
      0.078125,
      10,
      10,
    ],
    "type": "save",
  },
  Object {
    "props": Object {
      "fillRule": "nonzero",
      "path": Array [],
    },
    "transform": Array [
      0.078125,
      0,
      0,
      0.078125,
      10,
      10,
    ],
    "type": "clip",
  },
  Object {
    "props": Object {
      "value": 0.7,
    },
    "transform": Array [
      0.078125,
      0,
      0,
      0.078125,
      10,
      10,
    ],
    "type": "globalAlpha",
  },
  Object {
    "props": Object {
      "value": "rgba(255, 150, 100, 0.7)",
    },
    "transform": Array [
      0.078125,
      0,
      0,
      0.078125,
      10,
      10,
    ],
    "type": "strokeStyle",
  },
  Object {
    "props": Object {
      "value": "rgba(255, 150, 100, 0.7)",
    },
    "transform": Array [
      0.078125,
      0,
      0,
      0.078125,
      10,
      10,
    ],
    "type": "fillStyle",
  },
  Object {
    "props": Object {
      "value": 200,
    },
    "transform": Array [
      0.078125,
      0,
      0,
      0.078125,
      10,
      10,
    ],
    "type": "lineWidth",
  },
  Object {
    "props": Object {
      "value": "round",
    },
    "transform": Array [
      0.078125,
      0,
      0,
      0.078125,
      10,
      10,
    ],
    "type": "lineCap",
  },
  Object {
    "props": Object {
      "value": "round",
    },
    "transform": Array [
      0.078125,
      0,
      0,
      0.078125,
      10,
      10,
    ],
    "type": "lineJoin",
  },
  Object {
    "props": Object {
      "value": Array [
        779.7155627376544,
        779.7155627376544,
      ],
    },
    "transform": Array [
      0.078125,
      0,
      0,
      0.078125,
      10,
      10,
    ],
    "type": "setLineDash",
  },
  Object {
    "props": Object {
      "value": 0,
    },
    "transform": Array [
      0.078125,
      0,
      0,
      0.078125,
      10,
      10,
    ],
    "type": "lineDashOffset",
  },
  Object {
    "props": Object {},
    "transform": Array [
      0.078125,
      0,
      0,
      0.078125,
      10,
      10,
    ],
    "type": "beginPath",
  },
  Object {
    "props": Object {
      "x": 457.56010126946427,
      "y": 324.3606076167856,
    },
    "transform": Array [
      0.078125,
      0,
      0,
      0.078125,
      10,
      10,
    ],
    "type": "moveTo",
  },
  Object {
    "props": Object {
      "x": 477,
      "y": 441,
    },
    "transform": Array [
      0.078125,
      0,
      0,
      0.078125,
      10,
      10,
    ],
    "type": "lineTo",
  },
  Object {
    "props": Object {
      "x": 490,
      "y": 461,
    },
    "transform": Array [
      0.078125,
      0,
      0,
      0.078125,
      10,
      10,
    ],
    "type": "lineTo",
  },
  Object {
    "props": Object {
      "x": 571,
      "y": 567,
    },
    "transform": Array [
      0.078125,
      0,
      0,
      0.078125,
      10,
      10,
    ],
    "type": "lineTo",
  },
  Object {
    "props": Object {
      "x": 691,
      "y": 700,
    },
    "transform": Array [
      0.078125,
      0,
      0,
      0.078125,
      10,
      10,
    ],
    "type": "lineTo",
  },
  Object {
    "props": Object {
      "x": 753,
      "y": 755,
    },
    "transform": Array [
      0.078125,
      0,
      0,
      0.078125,
      10,
      10,
    ],
    "type": "lineTo",
  },
  Object {
    "props": Object {
      "x": 798,
      "y": 781,
    },
    "transform": Array [
      0.078125,
      0,
      0,
      0.078125,
      10,
      10,
    ],
    "type": "lineTo",
  },
  Object {
    "props": Object {
      "x": 986,
      "y": 810,
    },
    "transform": Array [
      0.078125,
      0,
      0,
      0.078125,
      10,
      10,
    ],
    "type": "lineTo",
  },
  Object {
    "props": Object {
      "path": Array [
        Object {
          "props": Object {},
          "transform": Array [
            0.078125,
            0,
            0,
            0.078125,
            10,
            10,
          ],
          "type": "beginPath",
        },
        Object {
          "props": Object {
            "x": 457.56010126946427,
            "y": 324.3606076167856,
          },
          "transform": Array [
            0.078125,
            0,
            0,
            0.078125,
            10,
            10,
          ],
          "type": "moveTo",
        },
        Object {
          "props": Object {
            "x": 477,
            "y": 441,
          },
          "transform": Array [
            0.078125,
            0,
            0,
            0.078125,
            10,
            10,
          ],
          "type": "lineTo",
        },
        Object {
          "props": Object {
            "x": 490,
            "y": 461,
          },
          "transform": Array [
            0.078125,
            0,
            0,
            0.078125,
            10,
            10,
          ],
          "type": "lineTo",
        },
        Object {
          "props": Object {
            "x": 571,
            "y": 567,
          },
          "transform": Array [
            0.078125,
            0,
            0,
            0.078125,
            10,
            10,
          ],
          "type": "lineTo",
        },
        Object {
          "props": Object {
            "x": 691,
            "y": 700,
          },
          "transform": Array [
            0.078125,
            0,
            0,
            0.078125,
            10,
            10,
          ],
          "type": "lineTo",
        },
        Object {
          "props": Object {
            "x": 753,
            "y": 755,
          },
          "transform": Array [
            0.078125,
            0,
            0,
            0.078125,
            10,
            10,
          ],
          "type": "lineTo",
        },
        Object {
          "props": Object {
            "x": 798,
            "y": 781,
          },
          "transform": Array [
            0.078125,
            0,
            0,
            0.078125,
            10,
            10,
          ],
          "type": "lineTo",
        },
        Object {
          "props": Object {
            "x": 986,
            "y": 810,
          },
          "transform": Array [
            0.078125,
            0,
            0,
            0.078125,
            10,
            10,
          ],
          "type": "lineTo",
        },
      ],
    },
    "transform": Array [
      0.078125,
      0,
      0,
      0.078125,
      10,
      10,
    ],
    "type": "stroke",
  },
  Object {
    "props": Object {},
    "transform": Array [
      0.078125,
      0,
      0,
      0.078125,
      10,
      10,
    ],
    "type": "restore",
  },
  Object {
    "props": Object {},
    "transform": Array [
      0.078125,
      0,
      0,
      0.078125,
      10,
      10,
    ],
    "type": "save",
  },
  Object {
    "props": Object {
      "fillRule": "nonzero",
      "path": Array [],
    },
    "transform": Array [
      0.078125,
      0,
      0,
      0.078125,
      10,
      10,
    ],
    "type": "clip",
  },
  Object {
    "props": Object {
      "value": 0.7,
    },
    "transform": Array [
      0.078125,
      0,
      0,
      0.078125,
      10,
      10,
    ],
    "type": "globalAlpha",
  },
  Object {
    "props": Object {
      "value": "rgba(255, 100, 10, 0.9)",
    },
    "transform": Array [
      0.078125,
      0,
      0,
      0.078125,
      10,
      10,
    ],
    "type": "strokeStyle",
  },
  Object {
    "props": Object {
      "value": "rgba(255, 100, 10, 0.9)",
    },
    "transform": Array [
      0.078125,
      0,
      0,
      0.078125,
      10,
      10,
    ],
    "type": "fillStyle",
  },
  Object {
    "props": Object {
      "value": 200,
    },
    "transform": Array [
      0.078125,
      0,
      0,
      0.078125,
      10,
      10,
    ],
    "type": "lineWidth",
  },
  Object {
    "props": Object {
      "value": "round",
    },
    "transform": Array [
      0.078125,
      0,
      0,
      0.078125,
      10,
      10,
    ],
    "type": "lineCap",
  },
  Object {
    "props": Object {
      "value": "round",
    },
    "transform": Array [
      0.078125,
      0,
      0,
      0.078125,
      10,
      10,
    ],
    "type": "lineJoin",
  },
  Object {
    "props": Object {
      "value": Array [
        918.3825419953906,
        918.3825419953906,
      ],
    },
    "transform": Array [
      0.078125,
      0,
      0,
      0.078125,
      10,
      10,
    ],
    "type": "setLineDash",
  },
  Object {
    "props": Object {
      "value": 0,
    },
    "transform": Array [
      0.078125,
      0,
      0,
      0.078125,
      10,
      10,
    ],
    "type": "lineDashOffset",
  },
  Object {
    "props": Object {},
    "transform": Array [
      0.078125,
      0,
      0,
      0.078125,
      10,
      10,
    ],
    "type": "beginPath",
  },
  Object {
    "props": Object {
      "x": 423.7609549522482,
      "y": 83.43489873505753,
    },
    "transform": Array [
      0.078125,
      0,
      0,
      0.078125,
      10,
      10,
    ],
    "type": "moveTo",
  },
  Object {
    "props": Object {
      "x": 508,
      "y": 198,
    },
    "transform": Array [
      0.078125,
      0,
      0,
      0.078125,
      10,
      10,
    ],
    "type": "lineTo",
  },
  Object {
    "props": Object {
      "x": 511,
      "y": 222,
    },
    "transform": Array [
      0.078125,
      0,
      0,
      0.078125,
      10,
      10,
    ],
    "type": "lineTo",
  },
  Object {
    "props": Object {
      "x": 473,
      "y": 348,
    },
    "transform": Array [
      0.078125,
      0,
      0,
      0.078125,
      10,
      10,
    ],
    "type": "lineTo",
  },
  Object {
    "props": Object {
      "x": 408,
      "y": 484,
    },
    "transform": Array [
      0.078125,
      0,
      0,
      0.078125,
      10,
      10,
    ],
    "type": "lineTo",
  },
  Object {
    "props": Object {
      "x": 328,
      "y": 597,
    },
    "transform": Array [
      0.078125,
      0,
      0,
      0.078125,
      10,
      10,
    ],
    "type": "lineTo",
  },
  Object {
    "props": Object {
      "x": 271,
      "y": 656,
    },
    "transform": Array [
      0.078125,
      0,
      0,
      0.078125,
      10,
      10,
    ],
    "type": "lineTo",
  },
  Object {
    "props": Object {
      "x": 144,
      "y": 761,
    },
    "transform": Array [
      0.078125,
      0,
      0,
      0.078125,
      10,
      10,
    ],
    "type": "lineTo",
  },
  Object {
    "props": Object {
      "x": 72,
      "y": 805,
    },
    "transform": Array [
      0.078125,
      0,
      0,
      0.078125,
      10,
      10,
    ],
    "type": "lineTo",
  },
  Object {
    "props": Object {
      "path": Array [
        Object {
          "props": Object {},
          "transform": Array [
            0.078125,
            0,
            0,
            0.078125,
            10,
            10,
          ],
          "type": "beginPath",
        },
        Object {
          "props": Object {
            "x": 423.7609549522482,
            "y": 83.43489873505753,
          },
          "transform": Array [
            0.078125,
            0,
            0,
            0.078125,
            10,
            10,
          ],
          "type": "moveTo",
        },
        Object {
          "props": Object {
            "x": 508,
            "y": 198,
          },
          "transform": Array [
            0.078125,
            0,
            0,
            0.078125,
            10,
            10,
          ],
          "type": "lineTo",
        },
        Object {
          "props": Object {
            "x": 511,
            "y": 222,
          },
          "transform": Array [
            0.078125,
            0,
            0,
            0.078125,
            10,
            10,
          ],
          "type": "lineTo",
        },
        Object {
          "props": Object {
            "x": 473,
            "y": 348,
          },
          "transform": Array [
            0.078125,
            0,
            0,
            0.078125,
            10,
            10,
          ],
          "type": "lineTo",
        },
        Object {
          "props": Object {
            "x": 408,
            "y": 484,
          },
          "transform": Array [
            0.078125,
            0,
            0,
            0.078125,
            10,
            10,
          ],
          "type": "lineTo",
        },
        Object {
          "props": Object {
            "x": 328,
            "y": 597,
          },
          "transform": Array [
            0.078125,
            0,
            0,
            0.078125,
            10,
            10,
          ],
          "type": "lineTo",
        },
        Object {
          "props": Object {
            "x": 271,
            "y": 656,
          },
          "transform": Array [
            0.078125,
            0,
            0,
            0.078125,
            10,
            10,
          ],
          "type": "lineTo",
        },
        Object {
          "props": Object {
            "x": 144,
            "y": 761,
          },
          "transform": Array [
            0.078125,
            0,
            0,
            0.078125,
            10,
            10,
          ],
          "type": "lineTo",
        },
        Object {
          "props": Object {
            "x": 72,
            "y": 805,
          },
          "transform": Array [
            0.078125,
            0,
            0,
            0.078125,
            10,
            10,
          ],
          "type": "lineTo",
        },
      ],
    },
    "transform": Array [
      0.078125,
      0,
      0,
      0.078125,
      10,
      10,
    ],
    "type": "stroke",
  },
  Object {
    "props": Object {},
    "transform": Array [
      0.078125,
      0,
      0,
      0.078125,
      10,
      10,
    ],
    "type": "restore",
  },
  Object {
    "props": Object {},
    "transform": Array [
      0.078125,
      0,
      0,
      0.078125,
      10,
      10,
    ],
    "type": "save",
  },
  Object {
    "props": Object {
      "fillRule": "nonzero",
      "path": Array [],
    },
    "transform": Array [
      0.078125,
      0,
      0,
      0.078125,
      10,
      10,
    ],
    "type": "clip",
  },
  Object {
    "props": Object {
      "value": 0.7,
    },
    "transform": Array [
      0.078125,
      0,
      0,
      0.078125,
      10,
      10,
    ],
    "type": "globalAlpha",
  },
  Object {
    "props": Object {
      "value": "rgba(255, 100, 10, 0.9)",
    },
    "transform": Array [
      0.078125,
      0,
      0,
      0.078125,
      10,
      10,
    ],
    "type": "strokeStyle",
  },
  Object {
    "props": Object {
      "value": "rgba(255, 100, 10, 0.9)",
    },
    "transform": Array [
      0.078125,
      0,
      0,
      0.078125,
      10,
      10,
    ],
    "type": "fillStyle",
  },
  Object {
    "props": Object {
      "value": 200,
    },
    "transform": Array [
      0.078125,
      0,
      0,
      0.078125,
      10,
      10,
    ],
    "type": "lineWidth",
  },
  Object {
    "props": Object {
      "value": "round",
    },
    "transform": Array [
      0.078125,
      0,
      0,
      0.078125,
      10,
      10,
    ],
    "type": "lineCap",
  },
  Object {
    "props": Object {
      "value": "round",
    },
    "transform": Array [
      0.078125,
      0,
      0,
      0.078125,
      10,
      10,
    ],
    "type": "lineJoin",
  },
  Object {
    "props": Object {
      "value": Array [
        779.7155627376544,
        779.7155627376544,
      ],
    },
    "transform": Array [
      0.078125,
      0,
      0,
      0.078125,
      10,
      10,
    ],
    "type": "setLineDash",
  },
  Object {
    "props": Object {
      "value": 0,
    },
    "transform": Array [
      0.078125,
      0,
      0,
      0.078125,
      10,
      10,
    ],
    "type": "lineDashOffset",
  },
  Object {
    "props": Object {},
    "transform": Array [
      0.078125,
      0,
      0,
      0.078125,
      10,
      10,
    ],
    "type": "beginPath",
  },
  Object {
    "props": Object {
      "x": 457.56010126946427,
      "y": 324.3606076167856,
    },
    "transform": Array [
      0.078125,
      0,
      0,
      0.078125,
      10,
      10,
    ],
    "type": "moveTo",
  },
  Object {
    "props": Object {
      "x": 477,
      "y": 441,
    },
    "transform": Array [
      0.078125,
      0,
      0,
      0.078125,
      10,
      10,
    ],
    "type": "lineTo",
  },
  Object {
    "props": Object {
      "x": 490,
      "y": 461,
    },
    "transform": Array [
      0.078125,
      0,
      0,
      0.078125,
      10,
      10,
    ],
    "type": "lineTo",
  },
  Object {
    "props": Object {
      "x": 571,
      "y": 567,
    },
    "transform": Array [
      0.078125,
      0,
      0,
      0.078125,
      10,
      10,
    ],
    "type": "lineTo",
  },
  Object {
    "props": Object {
      "x": 691,
      "y": 700,
    },
    "transform": Array [
      0.078125,
      0,
      0,
      0.078125,
      10,
      10,
    ],
    "type": "lineTo",
  },
  Object {
    "props": Object {
      "x": 753,
      "y": 755,
    },
    "transform": Array [
      0.078125,
      0,
      0,
      0.078125,
      10,
      10,
    ],
    "type": "lineTo",
  },
  Object {
    "props": Object {
      "x": 798,
      "y": 781,
    },
    "transform": Array [
      0.078125,
      0,
      0,
      0.078125,
      10,
      10,
    ],
    "type": "lineTo",
  },
  Object {
    "props": Object {
      "x": 986,
      "y": 810,
    },
    "transform": Array [
      0.078125,
      0,
      0,
      0.078125,
      10,
      10,
    ],
    "type": "lineTo",
  },
  Object {
    "props": Object {
      "path": Array [
        Object {
          "props": Object {},
          "transform": Array [
            0.078125,
            0,
            0,
            0.078125,
            10,
            10,
          ],
          "type": "beginPath",
        },
        Object {
          "props": Object {
            "x": 457.56010126946427,
            "y": 324.3606076167856,
          },
          "transform": Array [
            0.078125,
            0,
            0,
            0.078125,
            10,
            10,
          ],
          "type": "moveTo",
        },
        Object {
          "props": Object {
            "x": 477,
            "y": 441,
          },
          "transform": Array [
            0.078125,
            0,
            0,
            0.078125,
            10,
            10,
          ],
          "type": "lineTo",
        },
        Object {
          "props": Object {
            "x": 490,
            "y": 461,
          },
          "transform": Array [
            0.078125,
            0,
            0,
            0.078125,
            10,
            10,
          ],
          "type": "lineTo",
        },
        Object {
          "props": Object {
            "x": 571,
            "y": 567,
          },
          "transform": Array [
            0.078125,
            0,
            0,
            0.078125,
            10,
            10,
          ],
          "type": "lineTo",
        },
        Object {
          "props": Object {
            "x": 691,
            "y": 700,
          },
          "transform": Array [
            0.078125,
            0,
            0,
            0.078125,
            10,
            10,
          ],
          "type": "lineTo",
        },
        Object {
          "props": Object {
            "x": 753,
            "y": 755,
          },
          "transform": Array [
            0.078125,
            0,
            0,
            0.078125,
            10,
            10,
          ],
          "type": "lineTo",
        },
        Object {
          "props": Object {
            "x": 798,
            "y": 781,
          },
          "transform": Array [
            0.078125,
            0,
            0,
            0.078125,
            10,
            10,
          ],
          "type": "lineTo",
        },
        Object {
          "props": Object {
            "x": 986,
            "y": 810,
          },
          "transform": Array [
            0.078125,
            0,
            0,
            0.078125,
            10,
            10,
          ],
          "type": "lineTo",
        },
      ],
    },
    "transform": Array [
      0.078125,
      0,
      0,
      0.078125,
      10,
      10,
    ],
    "type": "stroke",
  },
  Object {
    "props": Object {},
    "transform": Array [
      0.078125,
      0,
      0,
      0.078125,
      10,
      10,
    ],
    "type": "restore",
  },
  Object {
    "props": Object {},
    "transform": Array [
      0.078125,
      0,
      0,
      0.078125,
      10,
      10,
    ],
    "type": "save",
  },
  Object {
    "props": Object {
      "fillRule": "nonzero",
      "path": Array [],
    },
    "transform": Array [
      0.078125,
      0,
      0,
      0.078125,
      10,
      10,
    ],
    "type": "clip",
  },
  Object {
    "props": Object {
      "value": 0.7,
    },
    "transform": Array [
      0.078125,
      0,
      0,
      0.078125,
      10,
      10,
    ],
    "type": "globalAlpha",
  },
  Object {
    "props": Object {
      "value": "#00f",
    },
    "transform": Array [
      0.078125,
      0,
      0,
      0.078125,
      10,
      10,
    ],
    "type": "strokeStyle",
  },
  Object {
    "props": Object {
      "value": "#00f",
    },
    "transform": Array [
      0.078125,
      0,
      0,
      0.078125,
      10,
      10,
    ],
    "type": "fillStyle",
  },
  Object {
    "props": Object {
      "value": 200,
    },
    "transform": Array [
      0.078125,
      0,
      0,
      0.078125,
      10,
      10,
    ],
    "type": "lineWidth",
  },
  Object {
    "props": Object {
      "value": "round",
    },
    "transform": Array [
      0.078125,
      0,
      0,
      0.078125,
      10,
      10,
    ],
    "type": "lineCap",
  },
  Object {
    "props": Object {
      "value": "round",
    },
    "transform": Array [
      0.078125,
      0,
      0,
      0.078125,
      10,
      10,
    ],
    "type": "lineJoin",
  },
  Object {
    "props": Object {
      "value": Array [
        918.3825419953906,
        918.3825419953906,
      ],
    },
    "transform": Array [
      0.078125,
      0,
      0,
      0.078125,
      10,
      10,
    ],
    "type": "setLineDash",
  },
  Object {
    "props": Object {
      "value": 0,
    },
    "transform": Array [
      0.078125,
      0,
      0,
      0.078125,
      10,
      10,
    ],
    "type": "lineDashOffset",
  },
  Object {
    "props": Object {},
    "transform": Array [
      0.078125,
      0,
      0,
      0.078125,
      10,
      10,
    ],
    "type": "beginPath",
  },
  Object {
    "props": Object {
      "x": 423.7609549522482,
      "y": 83.43489873505753,
    },
    "transform": Array [
      0.078125,
      0,
      0,
      0.078125,
      10,
      10,
    ],
    "type": "moveTo",
  },
  Object {
    "props": Object {
      "x": 508,
      "y": 198,
    },
    "transform": Array [
      0.078125,
      0,
      0,
      0.078125,
      10,
      10,
    ],
    "type": "lineTo",
  },
  Object {
    "props": Object {
      "x": 511,
      "y": 222,
    },
    "transform": Array [
      0.078125,
      0,
      0,
      0.078125,
      10,
      10,
    ],
    "type": "lineTo",
  },
  Object {
    "props": Object {
      "x": 473,
      "y": 348,
    },
    "transform": Array [
      0.078125,
      0,
      0,
      0.078125,
      10,
      10,
    ],
    "type": "lineTo",
  },
  Object {
    "props": Object {
      "x": 408,
      "y": 484,
    },
    "transform": Array [
      0.078125,
      0,
      0,
      0.078125,
      10,
      10,
    ],
    "type": "lineTo",
  },
  Object {
    "props": Object {
      "x": 328,
      "y": 597,
    },
    "transform": Array [
      0.078125,
      0,
      0,
      0.078125,
      10,
      10,
    ],
    "type": "lineTo",
  },
  Object {
    "props": Object {
      "x": 271,
      "y": 656,
    },
    "transform": Array [
      0.078125,
      0,
      0,
      0.078125,
      10,
      10,
    ],
    "type": "lineTo",
  },
  Object {
    "props": Object {
      "x": 144,
      "y": 761,
    },
    "transform": Array [
      0.078125,
      0,
      0,
      0.078125,
      10,
      10,
    ],
    "type": "lineTo",
  },
  Object {
    "props": Object {
      "x": 72,
      "y": 805,
    },
    "transform": Array [
      0.078125,
      0,
      0,
      0.078125,
      10,
      10,
    ],
    "type": "lineTo",
  },
  Object {
    "props": Object {
      "path": Array [
        Object {
          "props": Object {},
          "transform": Array [
            0.078125,
            0,
            0,
            0.078125,
            10,
            10,
          ],
          "type": "beginPath",
        },
        Object {
          "props": Object {
            "x": 423.7609549522482,
            "y": 83.43489873505753,
          },
          "transform": Array [
            0.078125,
            0,
            0,
            0.078125,
            10,
            10,
          ],
          "type": "moveTo",
        },
        Object {
          "props": Object {
            "x": 508,
            "y": 198,
          },
          "transform": Array [
            0.078125,
            0,
            0,
            0.078125,
            10,
            10,
          ],
          "type": "lineTo",
        },
        Object {
          "props": Object {
            "x": 511,
            "y": 222,
          },
          "transform": Array [
            0.078125,
            0,
            0,
            0.078125,
            10,
            10,
          ],
          "type": "lineTo",
        },
        Object {
          "props": Object {
            "x": 473,
            "y": 348,
          },
          "transform": Array [
            0.078125,
            0,
            0,
            0.078125,
            10,
            10,
          ],
          "type": "lineTo",
        },
        Object {
          "props": Object {
            "x": 408,
            "y": 484,
          },
          "transform": Array [
            0.078125,
            0,
            0,
            0.078125,
            10,
            10,
          ],
          "type": "lineTo",
        },
        Object {
          "props": Object {
            "x": 328,
            "y": 597,
          },
          "transform": Array [
            0.078125,
            0,
            0,
            0.078125,
            10,
            10,
          ],
          "type": "lineTo",
        },
        Object {
          "props": Object {
            "x": 271,
            "y": 656,
          },
          "transform": Array [
            0.078125,
            0,
            0,
            0.078125,
            10,
            10,
          ],
          "type": "lineTo",
        },
        Object {
          "props": Object {
            "x": 144,
            "y": 761,
          },
          "transform": Array [
            0.078125,
            0,
            0,
            0.078125,
            10,
            10,
          ],
          "type": "lineTo",
        },
        Object {
          "props": Object {
            "x": 72,
            "y": 805,
          },
          "transform": Array [
            0.078125,
            0,
            0,
            0.078125,
            10,
            10,
          ],
          "type": "lineTo",
        },
      ],
    },
    "transform": Array [
      0.078125,
      0,
      0,
      0.078125,
      10,
      10,
    ],
    "type": "stroke",
  },
  Object {
    "props": Object {},
    "transform": Array [
      0.078125,
      0,
      0,
      0.078125,
      10,
      10,
    ],
    "type": "restore",
  },
  Object {
    "props": Object {},
    "transform": Array [
      0.078125,
      0,
      0,
      0.078125,
      10,
      10,
    ],
    "type": "save",
  },
  Object {
    "props": Object {
      "fillRule": "nonzero",
      "path": Array [],
    },
    "transform": Array [
      0.078125,
      0,
      0,
      0.078125,
      10,
      10,
    ],
    "type": "clip",
  },
  Object {
    "props": Object {
      "value": 0.7,
    },
    "transform": Array [
      0.078125,
      0,
      0,
      0.078125,
      10,
      10,
    ],
    "type": "globalAlpha",
  },
  Object {
    "props": Object {
      "value": "#00f",
    },
    "transform": Array [
      0.078125,
      0,
      0,
      0.078125,
      10,
      10,
    ],
    "type": "strokeStyle",
  },
  Object {
    "props": Object {
      "value": "#00f",
    },
    "transform": Array [
      0.078125,
      0,
      0,
      0.078125,
      10,
      10,
    ],
    "type": "fillStyle",
  },
  Object {
    "props": Object {
      "value": 200,
    },
    "transform": Array [
      0.078125,
      0,
      0,
      0.078125,
      10,
      10,
    ],
    "type": "lineWidth",
  },
  Object {
    "props": Object {
      "value": "round",
    },
    "transform": Array [
      0.078125,
      0,
      0,
      0.078125,
      10,
      10,
    ],
    "type": "lineCap",
  },
  Object {
    "props": Object {
      "value": "round",
    },
    "transform": Array [
      0.078125,
      0,
      0,
      0.078125,
      10,
      10,
    ],
    "type": "lineJoin",
  },
  Object {
    "props": Object {
      "value": Array [
        779.7155627376544,
        779.7155627376544,
      ],
    },
    "transform": Array [
      0.078125,
      0,
      0,
      0.078125,
      10,
      10,
    ],
    "type": "setLineDash",
  },
  Object {
    "props": Object {
      "value": 0,
    },
    "transform": Array [
      0.078125,
      0,
      0,
      0.078125,
      10,
      10,
    ],
    "type": "lineDashOffset",
  },
  Object {
    "props": Object {},
    "transform": Array [
      0.078125,
      0,
      0,
      0.078125,
      10,
      10,
    ],
    "type": "beginPath",
  },
  Object {
    "props": Object {
      "x": 457.56010126946427,
      "y": 324.3606076167856,
    },
    "transform": Array [
      0.078125,
      0,
      0,
      0.078125,
      10,
      10,
    ],
    "type": "moveTo",
  },
  Object {
    "props": Object {
      "x": 477,
      "y": 441,
    },
    "transform": Array [
      0.078125,
      0,
      0,
      0.078125,
      10,
      10,
    ],
    "type": "lineTo",
  },
  Object {
    "props": Object {
      "x": 490,
      "y": 461,
    },
    "transform": Array [
      0.078125,
      0,
      0,
      0.078125,
      10,
      10,
    ],
    "type": "lineTo",
  },
  Object {
    "props": Object {
      "x": 571,
      "y": 567,
    },
    "transform": Array [
      0.078125,
      0,
      0,
      0.078125,
      10,
      10,
    ],
    "type": "lineTo",
  },
  Object {
    "props": Object {
      "x": 691,
      "y": 700,
    },
    "transform": Array [
      0.078125,
      0,
      0,
      0.078125,
      10,
      10,
    ],
    "type": "lineTo",
  },
  Object {
    "props": Object {
      "x": 753,
      "y": 755,
    },
    "transform": Array [
      0.078125,
      0,
      0,
      0.078125,
      10,
      10,
    ],
    "type": "lineTo",
  },
  Object {
    "props": Object {
      "x": 798,
      "y": 781,
    },
    "transform": Array [
      0.078125,
      0,
      0,
      0.078125,
      10,
      10,
    ],
    "type": "lineTo",
  },
  Object {
    "props": Object {
      "x": 986,
      "y": 810,
    },
    "transform": Array [
      0.078125,
      0,
      0,
      0.078125,
      10,
      10,
    ],
    "type": "lineTo",
  },
  Object {
    "props": Object {
      "path": Array [
        Object {
          "props": Object {},
          "transform": Array [
            0.078125,
            0,
            0,
            0.078125,
            10,
            10,
          ],
          "type": "beginPath",
        },
        Object {
          "props": Object {
            "x": 457.56010126946427,
            "y": 324.3606076167856,
          },
          "transform": Array [
            0.078125,
            0,
            0,
            0.078125,
            10,
            10,
          ],
          "type": "moveTo",
        },
        Object {
          "props": Object {
            "x": 477,
            "y": 441,
          },
          "transform": Array [
            0.078125,
            0,
            0,
            0.078125,
            10,
            10,
          ],
          "type": "lineTo",
        },
        Object {
          "props": Object {
            "x": 490,
            "y": 461,
          },
          "transform": Array [
            0.078125,
            0,
            0,
            0.078125,
            10,
            10,
          ],
          "type": "lineTo",
        },
        Object {
          "props": Object {
            "x": 571,
            "y": 567,
          },
          "transform": Array [
            0.078125,
            0,
            0,
            0.078125,
            10,
            10,
          ],
          "type": "lineTo",
        },
        Object {
          "props": Object {
            "x": 691,
            "y": 700,
          },
          "transform": Array [
            0.078125,
            0,
            0,
            0.078125,
            10,
            10,
          ],
          "type": "lineTo",
        },
        Object {
          "props": Object {
            "x": 753,
            "y": 755,
          },
          "transform": Array [
            0.078125,
            0,
            0,
            0.078125,
            10,
            10,
          ],
          "type": "lineTo",
        },
        Object {
          "props": Object {
            "x": 798,
            "y": 781,
          },
          "transform": Array [
            0.078125,
            0,
            0,
            0.078125,
            10,
            10,
          ],
          "type": "lineTo",
        },
        Object {
          "props": Object {
            "x": 986,
            "y": 810,
          },
          "transform": Array [
            0.078125,
            0,
            0,
            0.078125,
            10,
            10,
          ],
          "type": "lineTo",
        },
      ],
    },
    "transform": Array [
      0.078125,
      0,
      0,
      0.078125,
      10,
      10,
    ],
    "type": "stroke",
  },
  Object {
    "props": Object {},
    "transform": Array [
      0.078125,
      0,
      0,
      0.078125,
      10,
      10,
    ],
    "type": "restore",
  },
  Object {
    "props": Object {},
    "transform": Array [
      0.078125,
      0,
      0,
      0.078125,
      10,
      10,
    ],
    "type": "restore",
  },
]
`;

exports[`HanziWriterRenderer renders the character and user strokes into the target 1`] = `
Array [
  Object {
    "props": Object {
      "height": 100,
      "width": 100,
      "x": 0,
      "y": 0,
    },
    "transform": Array [
      1,
      0,
      0,
      1,
      0,
      0,
    ],
    "type": "clearRect",
  },
  Object {
    "props": Object {},
    "transform": Array [
      1,
      0,
      0,
      1,
      0,
      0,
    ],
    "type": "save",
  },
  Object {
    "props": Object {
      "x": 10,
      "y": 10,
    },
    "transform": Array [
      1,
      0,
      0,
      1,
      10,
      10,
    ],
    "type": "translate",
  },
  Object {
    "props": Object {
      "x": 0.078125,
      "y": 0.078125,
    },
    "transform": Array [
      0.078125,
      0,
      0,
      0.078125,
      10,
      10,
    ],
    "type": "scale",
  },
  Object {
    "props": Object {},
    "transform": Array [
      0.078125,
      0,
      0,
      0.078125,
      10,
      10,
    ],
    "type": "save",
  },
  Object {
    "props": Object {
      "fillRule": "nonzero",
      "path": Array [],
    },
    "transform": Array [
      0.078125,
      0,
      0,
      0.078125,
      10,
      10,
    ],
    "type": "clip",
  },
  Object {
    "props": Object {
      "value": 0.7,
    },
    "transform": Array [
      0.078125,
      0,
      0,
      0.078125,
      10,
      10,
    ],
    "type": "globalAlpha",
  },
  Object {
    "props": Object {
      "value": "rgba(255, 150, 100, 0.7)",
    },
    "transform": Array [
      0.078125,
      0,
      0,
      0.078125,
      10,
      10,
    ],
    "type": "strokeStyle",
  },
  Object {
    "props": Object {
      "value": "rgba(255, 150, 100, 0.7)",
    },
    "transform": Array [
      0.078125,
      0,
      0,
      0.078125,
      10,
      10,
    ],
    "type": "fillStyle",
  },
  Object {
    "props": Object {
      "value": 200,
    },
    "transform": Array [
      0.078125,
      0,
      0,
      0.078125,
      10,
      10,
    ],
    "type": "lineWidth",
  },
  Object {
    "props": Object {
      "value": "round",
    },
    "transform": Array [
      0.078125,
      0,
      0,
      0.078125,
      10,
      10,
    ],
    "type": "lineCap",
  },
  Object {
    "props": Object {
      "value": "round",
    },
    "transform": Array [
      0.078125,
      0,
      0,
      0.078125,
      10,
      10,
    ],
    "type": "lineJoin",
  },
  Object {
    "props": Object {
      "value": Array [
        918.3825419953906,
        918.3825419953906,
      ],
    },
    "transform": Array [
      0.078125,
      0,
      0,
      0.078125,
      10,
      10,
    ],
    "type": "setLineDash",
  },
  Object {
    "props": Object {
      "value": 0,
    },
    "transform": Array [
      0.078125,
      0,
      0,
      0.078125,
      10,
      10,
    ],
    "type": "lineDashOffset",
  },
  Object {
    "props": Object {},
    "transform": Array [
      0.078125,
      0,
      0,
      0.078125,
      10,
      10,
    ],
    "type": "beginPath",
  },
  Object {
    "props": Object {
      "x": 423.7609549522482,
      "y": 83.43489873505753,
    },
    "transform": Array [
      0.078125,
      0,
      0,
      0.078125,
      10,
      10,
    ],
    "type": "moveTo",
  },
  Object {
    "props": Object {
      "x": 508,
      "y": 198,
    },
    "transform": Array [
      0.078125,
      0,
      0,
      0.078125,
      10,
      10,
    ],
    "type": "lineTo",
  },
  Object {
    "props": Object {
      "x": 511,
      "y": 222,
    },
    "transform": Array [
      0.078125,
      0,
      0,
      0.078125,
      10,
      10,
    ],
    "type": "lineTo",
  },
  Object {
    "props": Object {
      "x": 473,
      "y": 348,
    },
    "transform": Array [
      0.078125,
      0,
      0,
      0.078125,
      10,
      10,
    ],
    "type": "lineTo",
  },
  Object {
    "props": Object {
      "x": 408,
      "y": 484,
    },
    "transform": Array [
      0.078125,
      0,
      0,
      0.078125,
      10,
      10,
    ],
    "type": "lineTo",
  },
  Object {
    "props": Object {
      "x": 328,
      "y": 597,
    },
    "transform": Array [
      0.078125,
      0,
      0,
      0.078125,
      10,
      10,
    ],
    "type": "lineTo",
  },
  Object {
    "props": Object {
      "x": 271,
      "y": 656,
    },
    "transform": Array [
      0.078125,
      0,
      0,
      0.078125,
      10,
      10,
    ],
    "type": "lineTo",
  },
  Object {
    "props": Object {
      "x": 144,
      "y": 761,
    },
    "transform": Array [
      0.078125,
      0,
      0,
      0.078125,
      10,
      10,
    ],
    "type": "lineTo",
  },
  Object {
    "props": Object {
      "x": 72,
      "y": 805,
    },
    "transform": Array [
      0.078125,
      0,
      0,
      0.078125,
      10,
      10,
    ],
    "type": "lineTo",
  },
  Object {
    "props": Object {
      "path": Array [
        Object {
          "props": Object {},
          "transform": Array [
            0.078125,
            0,
            0,
            0.078125,
            10,
            10,
          ],
          "type": "beginPath",
        },
        Object {
          "props": Object {
            "x": 423.7609549522482,
            "y": 83.43489873505753,
          },
          "transform": Array [
            0.078125,
            0,
            0,
            0.078125,
            10,
            10,
          ],
          "type": "moveTo",
        },
        Object {
          "props": Object {
            "x": 508,
            "y": 198,
          },
          "transform": Array [
            0.078125,
            0,
            0,
            0.078125,
            10,
            10,
          ],
          "type": "lineTo",
        },
        Object {
          "props": Object {
            "x": 511,
            "y": 222,
          },
          "transform": Array [
            0.078125,
            0,
            0,
            0.078125,
            10,
            10,
          ],
          "type": "lineTo",
        },
        Object {
          "props": Object {
            "x": 473,
            "y": 348,
          },
          "transform": Array [
            0.078125,
            0,
            0,
            0.078125,
            10,
            10,
          ],
          "type": "lineTo",
        },
        Object {
          "props": Object {
            "x": 408,
            "y": 484,
          },
          "transform": Array [
            0.078125,
            0,
            0,
            0.078125,
            10,
            10,
          ],
          "type": "lineTo",
        },
        Object {
          "props": Object {
            "x": 328,
            "y": 597,
          },
          "transform": Array [
            0.078125,
            0,
            0,
            0.078125,
            10,
            10,
          ],
          "type": "lineTo",
        },
        Object {
          "props": Object {
            "x": 271,
            "y": 656,
          },
          "transform": Array [
            0.078125,
            0,
            0,
            0.078125,
            10,
            10,
          ],
          "type": "lineTo",
        },
        Object {
          "props": Object {
            "x": 144,
            "y": 761,
          },
          "transform": Array [
            0.078125,
            0,
            0,
            0.078125,
            10,
            10,
          ],
          "type": "lineTo",
        },
        Object {
          "props": Object {
            "x": 72,
            "y": 805,
          },
          "transform": Array [
            0.078125,
            0,
            0,
            0.078125,
            10,
            10,
          ],
          "type": "lineTo",
        },
      ],
    },
    "transform": Array [
      0.078125,
      0,
      0,
      0.078125,
      10,
      10,
    ],
    "type": "stroke",
  },
  Object {
    "props": Object {},
    "transform": Array [
      0.078125,
      0,
      0,
      0.078125,
      10,
      10,
    ],
    "type": "restore",
  },
  Object {
    "props": Object {},
    "transform": Array [
      0.078125,
      0,
      0,
      0.078125,
      10,
      10,
    ],
    "type": "save",
  },
  Object {
    "props": Object {
      "fillRule": "nonzero",
      "path": Array [],
    },
    "transform": Array [
      0.078125,
      0,
      0,
      0.078125,
      10,
      10,
    ],
    "type": "clip",
  },
  Object {
    "props": Object {
      "value": 0.7,
    },
    "transform": Array [
      0.078125,
      0,
      0,
      0.078125,
      10,
      10,
    ],
    "type": "globalAlpha",
  },
  Object {
    "props": Object {
      "value": "rgba(255, 150, 100, 0.7)",
    },
    "transform": Array [
      0.078125,
      0,
      0,
      0.078125,
      10,
      10,
    ],
    "type": "strokeStyle",
  },
  Object {
    "props": Object {
      "value": "rgba(255, 150, 100, 0.7)",
    },
    "transform": Array [
      0.078125,
      0,
      0,
      0.078125,
      10,
      10,
    ],
    "type": "fillStyle",
  },
  Object {
    "props": Object {
      "value": 200,
    },
    "transform": Array [
      0.078125,
      0,
      0,
      0.078125,
      10,
      10,
    ],
    "type": "lineWidth",
  },
  Object {
    "props": Object {
      "value": "round",
    },
    "transform": Array [
      0.078125,
      0,
      0,
      0.078125,
      10,
      10,
    ],
    "type": "lineCap",
  },
  Object {
    "props": Object {
      "value": "round",
    },
    "transform": Array [
      0.078125,
      0,
      0,
      0.078125,
      10,
      10,
    ],
    "type": "lineJoin",
  },
  Object {
    "props": Object {
      "value": Array [
        779.7155627376544,
        779.7155627376544,
      ],
    },
    "transform": Array [
      0.078125,
      0,
      0,
      0.078125,
      10,
      10,
    ],
    "type": "setLineDash",
  },
  Object {
    "props": Object {
      "value": 0,
    },
    "transform": Array [
      0.078125,
      0,
      0,
      0.078125,
      10,
      10,
    ],
    "type": "lineDashOffset",
  },
  Object {
    "props": Object {},
    "transform": Array [
      0.078125,
      0,
      0,
      0.078125,
      10,
      10,
    ],
    "type": "beginPath",
  },
  Object {
    "props": Object {
      "x": 457.56010126946427,
      "y": 324.3606076167856,
    },
    "transform": Array [
      0.078125,
      0,
      0,
      0.078125,
      10,
      10,
    ],
    "type": "moveTo",
  },
  Object {
    "props": Object {
      "x": 477,
      "y": 441,
    },
    "transform": Array [
      0.078125,
      0,
      0,
      0.078125,
      10,
      10,
    ],
    "type": "lineTo",
  },
  Object {
    "props": Object {
      "x": 490,
      "y": 461,
    },
    "transform": Array [
      0.078125,
      0,
      0,
      0.078125,
      10,
      10,
    ],
    "type": "lineTo",
  },
  Object {
    "props": Object {
      "x": 571,
      "y": 567,
    },
    "transform": Array [
      0.078125,
      0,
      0,
      0.078125,
      10,
      10,
    ],
    "type": "lineTo",
  },
  Object {
    "props": Object {
      "x": 691,
      "y": 700,
    },
    "transform": Array [
      0.078125,
      0,
      0,
      0.078125,
      10,
      10,
    ],
    "type": "lineTo",
  },
  Object {
    "props": Object {
      "x": 753,
      "y": 755,
    },
    "transform": Array [
      0.078125,
      0,
      0,
      0.078125,
      10,
      10,
    ],
    "type": "lineTo",
  },
  Object {
    "props": Object {
      "x": 798,
      "y": 781,
    },
    "transform": Array [
      0.078125,
      0,
      0,
      0.078125,
      10,
      10,
    ],
    "type": "lineTo",
  },
  Object {
    "props": Object {
      "x": 986,
      "y": 810,
    },
    "transform": Array [
      0.078125,
      0,
      0,
      0.078125,
      10,
      10,
    ],
    "type": "lineTo",
  },
  Object {
    "props": Object {
      "path": Array [
        Object {
          "props": Object {},
          "transform": Array [
            0.078125,
            0,
            0,
            0.078125,
            10,
            10,
          ],
          "type": "beginPath",
        },
        Object {
          "props": Object {
            "x": 457.56010126946427,
            "y": 324.3606076167856,
          },
          "transform": Array [
            0.078125,
            0,
            0,
            0.078125,
            10,
            10,
          ],
          "type": "moveTo",
        },
        Object {
          "props": Object {
            "x": 477,
            "y": 441,
          },
          "transform": Array [
            0.078125,
            0,
            0,
            0.078125,
            10,
            10,
          ],
          "type": "lineTo",
        },
        Object {
          "props": Object {
            "x": 490,
            "y": 461,
          },
          "transform": Array [
            0.078125,
            0,
            0,
            0.078125,
            10,
            10,
          ],
          "type": "lineTo",
        },
        Object {
          "props": Object {
            "x": 571,
            "y": 567,
          },
          "transform": Array [
            0.078125,
            0,
            0,
            0.078125,
            10,
            10,
          ],
          "type": "lineTo",
        },
        Object {
          "props": Object {
            "x": 691,
            "y": 700,
          },
          "transform": Array [
            0.078125,
            0,
            0,
            0.078125,
            10,
            10,
          ],
          "type": "lineTo",
        },
        Object {
          "props": Object {
            "x": 753,
            "y": 755,
          },
          "transform": Array [
            0.078125,
            0,
            0,
            0.078125,
            10,
            10,
          ],
          "type": "lineTo",
        },
        Object {
          "props": Object {
            "x": 798,
            "y": 781,
          },
          "transform": Array [
            0.078125,
            0,
            0,
            0.078125,
            10,
            10,
          ],
          "type": "lineTo",
        },
        Object {
          "props": Object {
            "x": 986,
            "y": 810,
          },
          "transform": Array [
            0.078125,
            0,
            0,
            0.078125,
            10,
            10,
          ],
          "type": "lineTo",
        },
      ],
    },
    "transform": Array [
      0.078125,
      0,
      0,
      0.078125,
      10,
      10,
    ],
    "type": "stroke",
  },
  Object {
    "props": Object {},
    "transform": Array [
      0.078125,
      0,
      0,
      0.078125,
      10,
      10,
    ],
    "type": "restore",
  },
  Object {
    "props": Object {},
    "transform": Array [
      0.078125,
      0,
      0,
      0.078125,
      10,
      10,
    ],
    "type": "save",
  },
  Object {
    "props": Object {
      "fillRule": "nonzero",
      "path": Array [],
    },
    "transform": Array [
      0.078125,
      0,
      0,
      0.078125,
      10,
      10,
    ],
    "type": "clip",
  },
  Object {
    "props": Object {
      "value": 0.7,
    },
    "transform": Array [
      0.078125,
      0,
      0,
      0.078125,
      10,
      10,
    ],
    "type": "globalAlpha",
  },
  Object {
    "props": Object {
      "value": "rgba(255, 100, 10, 0.9)",
    },
    "transform": Array [
      0.078125,
      0,
      0,
      0.078125,
      10,
      10,
    ],
    "type": "strokeStyle",
  },
  Object {
    "props": Object {
      "value": "rgba(255, 100, 10, 0.9)",
    },
    "transform": Array [
      0.078125,
      0,
      0,
      0.078125,
      10,
      10,
    ],
    "type": "fillStyle",
  },
  Object {
    "props": Object {
      "value": 200,
    },
    "transform": Array [
      0.078125,
      0,
      0,
      0.078125,
      10,
      10,
    ],
    "type": "lineWidth",
  },
  Object {
    "props": Object {
      "value": "round",
    },
    "transform": Array [
      0.078125,
      0,
      0,
      0.078125,
      10,
      10,
    ],
    "type": "lineCap",
  },
  Object {
    "props": Object {
      "value": "round",
    },
    "transform": Array [
      0.078125,
      0,
      0,
      0.078125,
      10,
      10,
    ],
    "type": "lineJoin",
  },
  Object {
    "props": Object {
      "value": Array [
        918.3825419953906,
        918.3825419953906,
      ],
    },
    "transform": Array [
      0.078125,
      0,
      0,
      0.078125,
      10,
      10,
    ],
    "type": "setLineDash",
  },
  Object {
    "props": Object {
      "value": 0,
    },
    "transform": Array [
      0.078125,
      0,
      0,
      0.078125,
      10,
      10,
    ],
    "type": "lineDashOffset",
  },
  Object {
    "props": Object {},
    "transform": Array [
      0.078125,
      0,
      0,
      0.078125,
      10,
      10,
    ],
    "type": "beginPath",
  },
  Object {
    "props": Object {
      "x": 423.7609549522482,
      "y": 83.43489873505753,
    },
    "transform": Array [
      0.078125,
      0,
      0,
      0.078125,
      10,
      10,
    ],
    "type": "moveTo",
  },
  Object {
    "props": Object {
      "x": 508,
      "y": 198,
    },
    "transform": Array [
      0.078125,
      0,
      0,
      0.078125,
      10,
      10,
    ],
    "type": "lineTo",
  },
  Object {
    "props": Object {
      "x": 511,
      "y": 222,
    },
    "transform": Array [
      0.078125,
      0,
      0,
      0.078125,
      10,
      10,
    ],
    "type": "lineTo",
  },
  Object {
    "props": Object {
      "x": 473,
      "y": 348,
    },
    "transform": Array [
      0.078125,
      0,
      0,
      0.078125,
      10,
      10,
    ],
    "type": "lineTo",
  },
  Object {
    "props": Object {
      "x": 408,
      "y": 484,
    },
    "transform": Array [
      0.078125,
      0,
      0,
      0.078125,
      10,
      10,
    ],
    "type": "lineTo",
  },
  Object {
    "props": Object {
      "x": 328,
      "y": 597,
    },
    "transform": Array [
      0.078125,
      0,
      0,
      0.078125,
      10,
      10,
    ],
    "type": "lineTo",
  },
  Object {
    "props": Object {
      "x": 271,
      "y": 656,
    },
    "transform": Array [
      0.078125,
      0,
      0,
      0.078125,
      10,
      10,
    ],
    "type": "lineTo",
  },
  Object {
    "props": Object {
      "x": 144,
      "y": 761,
    },
    "transform": Array [
      0.078125,
      0,
      0,
      0.078125,
      10,
      10,
    ],
    "type": "lineTo",
  },
  Object {
    "props": Object {
      "x": 72,
      "y": 805,
    },
    "transform": Array [
      0.078125,
      0,
      0,
      0.078125,
      10,
      10,
    ],
    "type": "lineTo",
  },
  Object {
    "props": Object {
      "path": Array [
        Object {
          "props": Object {},
          "transform": Array [
            0.078125,
            0,
            0,
            0.078125,
            10,
            10,
          ],
          "type": "beginPath",
        },
        Object {
          "props": Object {
            "x": 423.7609549522482,
            "y": 83.43489873505753,
          },
          "transform": Array [
            0.078125,
            0,
            0,
            0.078125,
            10,
            10,
          ],
          "type": "moveTo",
        },
        Object {
          "props": Object {
            "x": 508,
            "y": 198,
          },
          "transform": Array [
            0.078125,
            0,
            0,
            0.078125,
            10,
            10,
          ],
          "type": "lineTo",
        },
        Object {
          "props": Object {
            "x": 511,
            "y": 222,
          },
          "transform": Array [
            0.078125,
            0,
            0,
            0.078125,
            10,
            10,
          ],
          "type": "lineTo",
        },
        Object {
          "props": Object {
            "x": 473,
            "y": 348,
          },
          "transform": Array [
            0.078125,
            0,
            0,
            0.078125,
            10,
            10,
          ],
          "type": "lineTo",
        },
        Object {
          "props": Object {
            "x": 408,
            "y": 484,
          },
          "transform": Array [
            0.078125,
            0,
            0,
            0.078125,
            10,
            10,
          ],
          "type": "lineTo",
        },
        Object {
          "props": Object {
            "x": 328,
            "y": 597,
          },
          "transform": Array [
            0.078125,
            0,
            0,
            0.078125,
            10,
            10,
          ],
          "type": "lineTo",
        },
        Object {
          "props": Object {
            "x": 271,
            "y": 656,
          },
          "transform": Array [
            0.078125,
            0,
            0,
            0.078125,
            10,
            10,
          ],
          "type": "lineTo",
        },
        Object {
          "props": Object {
            "x": 144,
            "y": 761,
          },
          "transform": Array [
            0.078125,
            0,
            0,
            0.078125,
            10,
            10,
          ],
          "type": "lineTo",
        },
        Object {
          "props": Object {
            "x": 72,
            "y": 805,
          },
          "transform": Array [
            0.078125,
            0,
            0,
            0.078125,
            10,
            10,
          ],
          "type": "lineTo",
        },
      ],
    },
    "transform": Array [
      0.078125,
      0,
      0,
      0.078125,
      10,
      10,
    ],
    "type": "stroke",
  },
  Object {
    "props": Object {},
    "transform": Array [
      0.078125,
      0,
      0,
      0.078125,
      10,
      10,
    ],
    "type": "restore",
  },
  Object {
    "props": Object {},
    "transform": Array [
      0.078125,
      0,
      0,
      0.078125,
      10,
      10,
    ],
    "type": "save",
  },
  Object {
    "props": Object {
      "fillRule": "nonzero",
      "path": Array [],
    },
    "transform": Array [
      0.078125,
      0,
      0,
      0.078125,
      10,
      10,
    ],
    "type": "clip",
  },
  Object {
    "props": Object {
      "value": 0.7,
    },
    "transform": Array [
      0.078125,
      0,
      0,
      0.078125,
      10,
      10,
    ],
    "type": "globalAlpha",
  },
  Object {
    "props": Object {
      "value": "rgba(255, 100, 10, 0.9)",
    },
    "transform": Array [
      0.078125,
      0,
      0,
      0.078125,
      10,
      10,
    ],
    "type": "strokeStyle",
  },
  Object {
    "props": Object {
      "value": "rgba(255, 100, 10, 0.9)",
    },
    "transform": Array [
      0.078125,
      0,
      0,
      0.078125,
      10,
      10,
    ],
    "type": "fillStyle",
  },
  Object {
    "props": Object {
      "value": 200,
    },
    "transform": Array [
      0.078125,
      0,
      0,
      0.078125,
      10,
      10,
    ],
    "type": "lineWidth",
  },
  Object {
    "props": Object {
      "value": "round",
    },
    "transform": Array [
      0.078125,
      0,
      0,
      0.078125,
      10,
      10,
    ],
    "type": "lineCap",
  },
  Object {
    "props": Object {
      "value": "round",
    },
    "transform": Array [
      0.078125,
      0,
      0,
      0.078125,
      10,
      10,
    ],
    "type": "lineJoin",
  },
  Object {
    "props": Object {
      "value": Array [
        779.7155627376544,
        779.7155627376544,
      ],
    },
    "transform": Array [
      0.078125,
      0,
      0,
      0.078125,
      10,
      10,
    ],
    "type": "setLineDash",
  },
  Object {
    "props": Object {
      "value": 0,
    },
    "transform": Array [
      0.078125,
      0,
      0,
      0.078125,
      10,
      10,
    ],
    "type": "lineDashOffset",
  },
  Object {
    "props": Object {},
    "transform": Array [
      0.078125,
      0,
      0,
      0.078125,
      10,
      10,
    ],
    "type": "beginPath",
  },
  Object {
    "props": Object {
      "x": 457.56010126946427,
      "y": 324.3606076167856,
    },
    "transform": Array [
      0.078125,
      0,
      0,
      0.078125,
      10,
      10,
    ],
    "type": "moveTo",
  },
  Object {
    "props": Object {
      "x": 477,
      "y": 441,
    },
    "transform": Array [
      0.078125,
      0,
      0,
      0.078125,
      10,
      10,
    ],
    "type": "lineTo",
  },
  Object {
    "props": Object {
      "x": 490,
      "y": 461,
    },
    "transform": Array [
      0.078125,
      0,
      0,
      0.078125,
      10,
      10,
    ],
    "type": "lineTo",
  },
  Object {
    "props": Object {
      "x": 571,
      "y": 567,
    },
    "transform": Array [
      0.078125,
      0,
      0,
      0.078125,
      10,
      10,
    ],
    "type": "lineTo",
  },
  Object {
    "props": Object {
      "x": 691,
      "y": 700,
    },
    "transform": Array [
      0.078125,
      0,
      0,
      0.078125,
      10,
      10,
    ],
    "type": "lineTo",
  },
  Object {
    "props": Object {
      "x": 753,
      "y": 755,
    },
    "transform": Array [
      0.078125,
      0,
      0,
      0.078125,
      10,
      10,
    ],
    "type": "lineTo",
  },
  Object {
    "props": Object {
      "x": 798,
      "y": 781,
    },
    "transform": Array [
      0.078125,
      0,
      0,
      0.078125,
      10,
      10,
    ],
    "type": "lineTo",
  },
  Object {
    "props": Object {
      "x": 986,
      "y": 810,
    },
    "transform": Array [
      0.078125,
      0,
      0,
      0.078125,
      10,
      10,
    ],
    "type": "lineTo",
  },
  Object {
    "props": Object {
      "path": Array [
        Object {
          "props": Object {},
          "transform": Array [
            0.078125,
            0,
            0,
            0.078125,
            10,
            10,
          ],
          "type": "beginPath",
        },
        Object {
          "props": Object {
            "x": 457.56010126946427,
            "y": 324.3606076167856,
          },
          "transform": Array [
            0.078125,
            0,
            0,
            0.078125,
            10,
            10,
          ],
          "type": "moveTo",
        },
        Object {
          "props": Object {
            "x": 477,
            "y": 441,
          },
          "transform": Array [
            0.078125,
            0,
            0,
            0.078125,
            10,
            10,
          ],
          "type": "lineTo",
        },
        Object {
          "props": Object {
            "x": 490,
            "y": 461,
          },
          "transform": Array [
            0.078125,
            0,
            0,
            0.078125,
            10,
            10,
          ],
          "type": "lineTo",
        },
        Object {
          "props": Object {
            "x": 571,
            "y": 567,
          },
          "transform": Array [
            0.078125,
            0,
            0,
            0.078125,
            10,
            10,
          ],
          "type": "lineTo",
        },
        Object {
          "props": Object {
            "x": 691,
            "y": 700,
          },
          "transform": Array [
            0.078125,
            0,
            0,
            0.078125,
            10,
            10,
          ],
          "type": "lineTo",
        },
        Object {
          "props": Object {
            "x": 753,
            "y": 755,
          },
          "transform": Array [
            0.078125,
            0,
            0,
            0.078125,
            10,
            10,
          ],
          "type": "lineTo",
        },
        Object {
          "props": Object {
            "x": 798,
            "y": 781,
          },
          "transform": Array [
            0.078125,
            0,
            0,
            0.078125,
            10,
            10,
          ],
          "type": "lineTo",
        },
        Object {
          "props": Object {
            "x": 986,
            "y": 810,
          },
          "transform": Array [
            0.078125,
            0,
            0,
            0.078125,
            10,
            10,
          ],
          "type": "lineTo",
        },
      ],
    },
    "transform": Array [
      0.078125,
      0,
      0,
      0.078125,
      10,
      10,
    ],
    "type": "stroke",
  },
  Object {
    "props": Object {},
    "transform": Array [
      0.078125,
      0,
      0,
      0.078125,
      10,
      10,
    ],
    "type": "restore",
  },
  Object {
    "props": Object {},
    "transform": Array [
      0.078125,
      0,
      0,
      0.078125,
      10,
      10,
    ],
    "type": "save",
  },
  Object {
    "props": Object {
      "fillRule": "nonzero",
      "path": Array [],
    },
    "transform": Array [
      0.078125,
      0,
      0,
      0.078125,
      10,
      10,
    ],
    "type": "clip",
  },
  Object {
    "props": Object {
      "value": 0.7,
    },
    "transform": Array [
      0.078125,
      0,
      0,
      0.078125,
      10,
      10,
    ],
    "type": "globalAlpha",
  },
  Object {
    "props": Object {
      "value": "#00f",
    },
    "transform": Array [
      0.078125,
      0,
      0,
      0.078125,
      10,
      10,
    ],
    "type": "strokeStyle",
  },
  Object {
    "props": Object {
      "value": "#00f",
    },
    "transform": Array [
      0.078125,
      0,
      0,
      0.078125,
      10,
      10,
    ],
    "type": "fillStyle",
  },
  Object {
    "props": Object {
      "value": 200,
    },
    "transform": Array [
      0.078125,
      0,
      0,
      0.078125,
      10,
      10,
    ],
    "type": "lineWidth",
  },
  Object {
    "props": Object {
      "value": "round",
    },
    "transform": Array [
      0.078125,
      0,
      0,
      0.078125,
      10,
      10,
    ],
    "type": "lineCap",
  },
  Object {
    "props": Object {
      "value": "round",
    },
    "transform": Array [
      0.078125,
      0,
      0,
      0.078125,
      10,
      10,
    ],
    "type": "lineJoin",
  },
  Object {
    "props": Object {
      "value": Array [
        918.3825419953906,
        918.3825419953906,
      ],
    },
    "transform": Array [
      0.078125,
      0,
      0,
      0.078125,
      10,
      10,
    ],
    "type": "setLineDash",
  },
  Object {
    "props": Object {
      "value": 0,
    },
    "transform": Array [
      0.078125,
      0,
      0,
      0.078125,
      10,
      10,
    ],
    "type": "lineDashOffset",
  },
  Object {
    "props": Object {},
    "transform": Array [
      0.078125,
      0,
      0,
      0.078125,
      10,
      10,
    ],
    "type": "beginPath",
  },
  Object {
    "props": Object {
      "x": 423.7609549522482,
      "y": 83.43489873505753,
    },
    "transform": Array [
      0.078125,
      0,
      0,
      0.078125,
      10,
      10,
    ],
    "type": "moveTo",
  },
  Object {
    "props": Object {
      "x": 508,
      "y": 198,
    },
    "transform": Array [
      0.078125,
      0,
      0,
      0.078125,
      10,
      10,
    ],
    "type": "lineTo",
  },
  Object {
    "props": Object {
      "x": 511,
      "y": 222,
    },
    "transform": Array [
      0.078125,
      0,
      0,
      0.078125,
      10,
      10,
    ],
    "type": "lineTo",
  },
  Object {
    "props": Object {
      "x": 473,
      "y": 348,
    },
    "transform": Array [
      0.078125,
      0,
      0,
      0.078125,
      10,
      10,
    ],
    "type": "lineTo",
  },
  Object {
    "props": Object {
      "x": 408,
      "y": 484,
    },
    "transform": Array [
      0.078125,
      0,
      0,
      0.078125,
      10,
      10,
    ],
    "type": "lineTo",
  },
  Object {
    "props": Object {
      "x": 328,
      "y": 597,
    },
    "transform": Array [
      0.078125,
      0,
      0,
      0.078125,
      10,
      10,
    ],
    "type": "lineTo",
  },
  Object {
    "props": Object {
      "x": 271,
      "y": 656,
    },
    "transform": Array [
      0.078125,
      0,
      0,
      0.078125,
      10,
      10,
    ],
    "type": "lineTo",
  },
  Object {
    "props": Object {
      "x": 144,
      "y": 761,
    },
    "transform": Array [
      0.078125,
      0,
      0,
      0.078125,
      10,
      10,
    ],
    "type": "lineTo",
  },
  Object {
    "props": Object {
      "x": 72,
      "y": 805,
    },
    "transform": Array [
      0.078125,
      0,
      0,
      0.078125,
      10,
      10,
    ],
    "type": "lineTo",
  },
  Object {
    "props": Object {
      "path": Array [
        Object {
          "props": Object {},
          "transform": Array [
            0.078125,
            0,
            0,
            0.078125,
            10,
            10,
          ],
          "type": "beginPath",
        },
        Object {
          "props": Object {
            "x": 423.7609549522482,
            "y": 83.43489873505753,
          },
          "transform": Array [
            0.078125,
            0,
            0,
            0.078125,
            10,
            10,
          ],
          "type": "moveTo",
        },
        Object {
          "props": Object {
            "x": 508,
            "y": 198,
          },
          "transform": Array [
            0.078125,
            0,
            0,
            0.078125,
            10,
            10,
          ],
          "type": "lineTo",
        },
        Object {
          "props": Object {
            "x": 511,
            "y": 222,
          },
          "transform": Array [
            0.078125,
            0,
            0,
            0.078125,
            10,
            10,
          ],
          "type": "lineTo",
        },
        Object {
          "props": Object {
            "x": 473,
            "y": 348,
          },
          "transform": Array [
            0.078125,
            0,
            0,
            0.078125,
            10,
            10,
          ],
          "type": "lineTo",
        },
        Object {
          "props": Object {
            "x": 408,
            "y": 484,
          },
          "transform": Array [
            0.078125,
            0,
            0,
            0.078125,
            10,
            10,
          ],
          "type": "lineTo",
        },
        Object {
          "props": Object {
            "x": 328,
            "y": 597,
          },
          "transform": Array [
            0.078125,
            0,
            0,
            0.078125,
            10,
            10,
          ],
          "type": "lineTo",
        },
        Object {
          "props": Object {
            "x": 271,
            "y": 656,
          },
          "transform": Array [
            0.078125,
            0,
            0,
            0.078125,
            10,
            10,
          ],
          "type": "lineTo",
        },
        Object {
          "props": Object {
            "x": 144,
            "y": 761,
          },
          "transform": Array [
            0.078125,
            0,
            0,
            0.078125,
            10,
            10,
          ],
          "type": "lineTo",
        },
        Object {
          "props": Object {
            "x": 72,
            "y": 805,
          },
          "transform": Array [
            0.078125,
            0,
            0,
            0.078125,
            10,
            10,
          ],
          "type": "lineTo",
        },
      ],
    },
    "transform": Array [
      0.078125,
      0,
      0,
      0.078125,
      10,
      10,
    ],
    "type": "stroke",
  },
  Object {
    "props": Object {},
    "transform": Array [
      0.078125,
      0,
      0,
      0.078125,
      10,
      10,
    ],
    "type": "restore",
  },
  Object {
    "props": Object {},
    "transform": Array [
      0.078125,
      0,
      0,
      0.078125,
      10,
      10,
    ],
    "type": "save",
  },
  Object {
    "props": Object {
      "fillRule": "nonzero",
      "path": Array [],
    },
    "transform": Array [
      0.078125,
      0,
      0,
      0.078125,
      10,
      10,
    ],
    "type": "clip",
  },
  Object {
    "props": Object {
      "value": 0.7,
    },
    "transform": Array [
      0.078125,
      0,
      0,
      0.078125,
      10,
      10,
    ],
    "type": "globalAlpha",
  },
  Object {
    "props": Object {
      "value": "#00f",
    },
    "transform": Array [
      0.078125,
      0,
      0,
      0.078125,
      10,
      10,
    ],
    "type": "strokeStyle",
  },
  Object {
    "props": Object {
      "value": "#00f",
    },
    "transform": Array [
      0.078125,
      0,
      0,
      0.078125,
      10,
      10,
    ],
    "type": "fillStyle",
  },
  Object {
    "props": Object {
      "value": 200,
    },
    "transform": Array [
      0.078125,
      0,
      0,
      0.078125,
      10,
      10,
    ],
    "type": "lineWidth",
  },
  Object {
    "props": Object {
      "value": "round",
    },
    "transform": Array [
      0.078125,
      0,
      0,
      0.078125,
      10,
      10,
    ],
    "type": "lineCap",
  },
  Object {
    "props": Object {
      "value": "round",
    },
    "transform": Array [
      0.078125,
      0,
      0,
      0.078125,
      10,
      10,
    ],
    "type": "lineJoin",
  },
  Object {
    "props": Object {
      "value": Array [
        779.7155627376544,
        779.7155627376544,
      ],
    },
    "transform": Array [
      0.078125,
      0,
      0,
      0.078125,
      10,
      10,
    ],
    "type": "setLineDash",
  },
  Object {
    "props": Object {
      "value": 0,
    },
    "transform": Array [
      0.078125,
      0,
      0,
      0.078125,
      10,
      10,
    ],
    "type": "lineDashOffset",
  },
  Object {
    "props": Object {},
    "transform": Array [
      0.078125,
      0,
      0,
      0.078125,
      10,
      10,
    ],
    "type": "beginPath",
  },
  Object {
    "props": Object {
      "x": 457.56010126946427,
      "y": 324.3606076167856,
    },
    "transform": Array [
      0.078125,
      0,
      0,
      0.078125,
      10,
      10,
    ],
    "type": "moveTo",
  },
  Object {
    "props": Object {
      "x": 477,
      "y": 441,
    },
    "transform": Array [
      0.078125,
      0,
      0,
      0.078125,
      10,
      10,
    ],
    "type": "lineTo",
  },
  Object {
    "props": Object {
      "x": 490,
      "y": 461,
    },
    "transform": Array [
      0.078125,
      0,
      0,
      0.078125,
      10,
      10,
    ],
    "type": "lineTo",
  },
  Object {
    "props": Object {
      "x": 571,
      "y": 567,
    },
    "transform": Array [
      0.078125,
      0,
      0,
      0.078125,
      10,
      10,
    ],
    "type": "lineTo",
  },
  Object {
    "props": Object {
      "x": 691,
      "y": 700,
    },
    "transform": Array [
      0.078125,
      0,
      0,
      0.078125,
      10,
      10,
    ],
    "type": "lineTo",
  },
  Object {
    "props": Object {
      "x": 753,
      "y": 755,
    },
    "transform": Array [
      0.078125,
      0,
      0,
      0.078125,
      10,
      10,
    ],
    "type": "lineTo",
  },
  Object {
    "props": Object {
      "x": 798,
      "y": 781,
    },
    "transform": Array [
      0.078125,
      0,
      0,
      0.078125,
      10,
      10,
    ],
    "type": "lineTo",
  },
  Object {
    "props": Object {
      "x": 986,
      "y": 810,
    },
    "transform": Array [
      0.078125,
      0,
      0,
      0.078125,
      10,
      10,
    ],
    "type": "lineTo",
  },
  Object {
    "props": Object {
      "path": Array [
        Object {
          "props": Object {},
          "transform": Array [
            0.078125,
            0,
            0,
            0.078125,
            10,
            10,
          ],
          "type": "beginPath",
        },
        Object {
          "props": Object {
            "x": 457.56010126946427,
            "y": 324.3606076167856,
          },
          "transform": Array [
            0.078125,
            0,
            0,
            0.078125,
            10,
            10,
          ],
          "type": "moveTo",
        },
        Object {
          "props": Object {
            "x": 477,
            "y": 441,
          },
          "transform": Array [
            0.078125,
            0,
            0,
            0.078125,
            10,
            10,
          ],
          "type": "lineTo",
        },
        Object {
          "props": Object {
            "x": 490,
            "y": 461,
          },
          "transform": Array [
            0.078125,
            0,
            0,
            0.078125,
            10,
            10,
          ],
          "type": "lineTo",
        },
        Object {
          "props": Object {
            "x": 571,
            "y": 567,
          },
          "transform": Array [
            0.078125,
            0,
            0,
            0.078125,
            10,
            10,
          ],
          "type": "lineTo",
        },
        Object {
          "props": Object {
            "x": 691,
            "y": 700,
          },
          "transform": Array [
            0.078125,
            0,
            0,
            0.078125,
            10,
            10,
          ],
          "type": "lineTo",
        },
        Object {
          "props": Object {
            "x": 753,
            "y": 755,
          },
          "transform": Array [
            0.078125,
            0,
            0,
            0.078125,
            10,
            10,
          ],
          "type": "lineTo",
        },
        Object {
          "props": Object {
            "x": 798,
            "y": 781,
          },
          "transform": Array [
            0.078125,
            0,
            0,
            0.078125,
            10,
            10,
          ],
          "type": "lineTo",
        },
        Object {
          "props": Object {
            "x": 986,
            "y": 810,
          },
          "transform": Array [
            0.078125,
            0,
            0,
            0.078125,
            10,
            10,
          ],
          "type": "lineTo",
        },
      ],
    },
    "transform": Array [
      0.078125,
      0,
      0,
      0.078125,
      10,
      10,
    ],
    "type": "stroke",
  },
  Object {
    "props": Object {},
    "transform": Array [
      0.078125,
      0,
      0,
      0.078125,
      10,
      10,
    ],
    "type": "restore",
  },
  Object {
    "props": Object {},
    "transform": Array [
      0.078125,
      0,
      0,
      0.078125,
      10,
      10,
    ],
    "type": "save",
  },
  Object {
    "props": Object {
      "value": 0.9,
    },
    "transform": Array [
      0.078125,
      0,
      0,
      0.078125,
      10,
      10,
    ],
    "type": "globalAlpha",
  },
  Object {
    "props": Object {
      "value": 4,
    },
    "transform": Array [
      0.078125,
      0,
      0,
      0.078125,
      10,
      10,
    ],
    "type": "lineWidth",
  },
  Object {
    "props": Object {
      "value": "rgba(255, 255, 0, 0.1)",
    },
    "transform": Array [
      0.078125,
      0,
      0,
      0.078125,
      10,
      10,
    ],
    "type": "strokeStyle",
  },
  Object {
    "props": Object {
      "value": "round",
    },
    "transform": Array [
      0.078125,
      0,
      0,
      0.078125,
      10,
      10,
    ],
    "type": "lineCap",
  },
  Object {
    "props": Object {
      "value": "round",
    },
    "transform": Array [
      0.078125,
      0,
      0,
      0.078125,
      10,
      10,
    ],
    "type": "lineJoin",
  },
  Object {
    "props": Object {},
    "transform": Array [
      0.078125,
      0,
      0,
      0.078125,
      10,
      10,
    ],
    "type": "beginPath",
  },
  Object {
    "props": Object {
      "x": 0,
      "y": 0,
    },
    "transform": Array [
      0.078125,
      0,
      0,
      0.078125,
      10,
      10,
    ],
    "type": "moveTo",
  },
  Object {
    "props": Object {
      "x": 1,
      "y": 3,
    },
    "transform": Array [
      0.078125,
      0,
      0,
      0.078125,
      10,
      10,
    ],
    "type": "lineTo",
  },
  Object {
    "props": Object {
      "path": Array [
        Object {
          "props": Object {},
          "transform": Array [
            0.078125,
            0,
            0,
            0.078125,
            10,
            10,
          ],
          "type": "beginPath",
        },
        Object {
          "props": Object {
            "x": 0,
            "y": 0,
          },
          "transform": Array [
            0.078125,
            0,
            0,
            0.078125,
            10,
            10,
          ],
          "type": "moveTo",
        },
        Object {
          "props": Object {
            "x": 1,
            "y": 3,
          },
          "transform": Array [
            0.078125,
            0,
            0,
            0.078125,
            10,
            10,
          ],
          "type": "lineTo",
        },
      ],
    },
    "transform": Array [
      0.078125,
      0,
      0,
      0.078125,
      10,
      10,
    ],
    "type": "stroke",
  },
  Object {
    "props": Object {},
    "transform": Array [
      0.078125,
      0,
      0,
      0.078125,
      10,
      10,
    ],
    "type": "restore",
  },
  Object {
    "props": Object {},
    "transform": Array [
      0.078125,
      0,
      0,
      0.078125,
      10,
      10,
    ],
    "type": "restore",
  },
]
`;
